Token: eyJhbGciOiJIUzI1NiJ9.eyJzdWIiOiJhZG1pbiIsInJvbGUiOiJBRE1JTiIsImlhdCI6MTc2NjcxMzUxMywiZXhwIjoxNzY2NzE3MTEzfQ.KvPvfMj4oqgnJzd6RHZIz6-AEoQmI4MtzuB6XqzYO8s
Events Status: Error - 원격 서버에서 (404) 찾을 수 없음 오류를 반환했습니다.
Content 15 Status: OK
Content Title: Social Content Test
Reactions: 
